Archive member included to satisfy reference by file (symbol)

c:/stm32cubeide_1.1.0/stm32cubeide/plugins/com.st.stm32cube.ide.mcu.externaltools.gnu-tools-for-stm32.7-2018-q2-update.win32_1.0.0.201904181610/tools/bin/../lib/gcc/arm-none-eabi/7.3.1/../../../../arm-none-eabi/lib/thumb/v7e-m/fpv4-sp/hard\libc_nano.a(lib_a-errno.o)
                              Core/Src/syscalls.o (__errno)
c:/stm32cubeide_1.1.0/stm32cubeide/plugins/com.st.stm32cube.ide.mcu.externaltools.gnu-tools-for-stm32.7-2018-q2-update.win32_1.0.0.201904181610/tools/bin/../lib/gcc/arm-none-eabi/7.3.1/../../../../arm-none-eabi/lib/thumb/v7e-m/fpv4-sp/hard\libc_nano.a(lib_a-exit.o)
                              c:/stm32cubeide_1.1.0/stm32cubeide/plugins/com.st.stm32cube.ide.mcu.externaltools.gnu-tools-for-stm32.7-2018-q2-update.win32_1.0.0.201904181610/tools/bin/../lib/gcc/arm-none-eabi/7.3.1/../../../../arm-none-eabi/lib/thumb/v7e-m/fpv4-sp/hard/crt0.o (exit)
c:/stm32cubeide_1.1.0/stm32cubeide/plugins/com.st.stm32cube.ide.mcu.externaltools.gnu-tools-for-stm32.7-2018-q2-update.win32_1.0.0.201904181610/tools/bin/../lib/gcc/arm-none-eabi/7.3.1/../../../../arm-none-eabi/lib/thumb/v7e-m/fpv4-sp/hard\libc_nano.a(lib_a-impure.o)
                              c:/stm32cubeide_1.1.0/stm32cubeide/plugins/com.st.stm32cube.ide.mcu.externaltools.gnu-tools-for-stm32.7-2018-q2-update.win32_1.0.0.201904181610/tools/bin/../lib/gcc/arm-none-eabi/7.3.1/../../../../arm-none-eabi/lib/thumb/v7e-m/fpv4-sp/hard\libc_nano.a(lib_a-exit.o) (_global_impure_ptr)
c:/stm32cubeide_1.1.0/stm32cubeide/plugins/com.st.stm32cube.ide.mcu.externaltools.gnu-tools-for-stm32.7-2018-q2-update.win32_1.0.0.201904181610/tools/bin/../lib/gcc/arm-none-eabi/7.3.1/../../../../arm-none-eabi/lib/thumb/v7e-m/fpv4-sp/hard\libc_nano.a(lib_a-init.o)
                              c:/stm32cubeide_1.1.0/stm32cubeide/plugins/com.st.stm32cube.ide.mcu.externaltools.gnu-tools-for-stm32.7-2018-q2-update.win32_1.0.0.201904181610/tools/bin/../lib/gcc/arm-none-eabi/7.3.1/../../../../arm-none-eabi/lib/thumb/v7e-m/fpv4-sp/hard/crt0.o (__libc_init_array)
c:/stm32cubeide_1.1.0/stm32cubeide/plugins/com.st.stm32cube.ide.mcu.externaltools.gnu-tools-for-stm32.7-2018-q2-update.win32_1.0.0.201904181610/tools/bin/../lib/gcc/arm-none-eabi/7.3.1/../../../../arm-none-eabi/lib/thumb/v7e-m/fpv4-sp/hard\libc_nano.a(lib_a-memset.o)
                              c:/stm32cubeide_1.1.0/stm32cubeide/plugins/com.st.stm32cube.ide.mcu.externaltools.gnu-tools-for-stm32.7-2018-q2-update.win32_1.0.0.201904181610/tools/bin/../lib/gcc/arm-none-eabi/7.3.1/../../../../arm-none-eabi/lib/thumb/v7e-m/fpv4-sp/hard/crt0.o (memset)
c:/stm32cubeide_1.1.0/stm32cubeide/plugins/com.st.stm32cube.ide.mcu.externaltools.gnu-tools-for-stm32.7-2018-q2-update.win32_1.0.0.201904181610/tools/bin/../lib/gcc/arm-none-eabi/7.3.1/thumb/v7e-m/fpv4-sp/hard\libgcc.a(_aeabi_uldivmod.o)
                              Drivers/STM32F4xx_HAL_Driver/Src/stm32f4xx_hal_rcc.o (__aeabi_uldivmod)
c:/stm32cubeide_1.1.0/stm32cubeide/plugins/com.st.stm32cube.ide.mcu.externaltools.gnu-tools-for-stm32.7-2018-q2-update.win32_1.0.0.201904181610/tools/bin/../lib/gcc/arm-none-eabi/7.3.1/thumb/v7e-m/fpv4-sp/hard\libgcc.a(_udivmoddi4.o)
                              c:/stm32cubeide_1.1.0/stm32cubeide/plugins/com.st.stm32cube.ide.mcu.externaltools.gnu-tools-for-stm32.7-2018-q2-update.win32_1.0.0.201904181610/tools/bin/../lib/gcc/arm-none-eabi/7.3.1/thumb/v7e-m/fpv4-sp/hard\libgcc.a(_aeabi_uldivmod.o) (__udivmoddi4)
c:/stm32cubeide_1.1.0/stm32cubeide/plugins/com.st.stm32cube.ide.mcu.externaltools.gnu-tools-for-stm32.7-2018-q2-update.win32_1.0.0.201904181610/tools/bin/../lib/gcc/arm-none-eabi/7.3.1/thumb/v7e-m/fpv4-sp/hard\libgcc.a(_dvmd_tls.o)
                              c:/stm32cubeide_1.1.0/stm32cubeide/plugins/com.st.stm32cube.ide.mcu.externaltools.gnu-tools-for-stm32.7-2018-q2-update.win32_1.0.0.201904181610/tools/bin/../lib/gcc/arm-none-eabi/7.3.1/thumb/v7e-m/fpv4-sp/hard\libgcc.a(_aeabi_uldivmod.o) (__aeabi_ldiv0)

Allocating common symbols
Common symbol       size              file

uwTick              0x4               Drivers/STM32F4xx_HAL_Driver/Src/stm32f4xx_hal.o
pFlash              0x20              Drivers/STM32F4xx_HAL_Driver/Src/stm32f4xx_hal_flash.o
hdma_usart1_rx      0x60              Core/Src/usart.o
huart1              0x40              Core/Src/usart.o
hdma_tim1_ch1_ch2_ch3
                    0x60              Core/Src/tim.o
htim6               0x40              Core/Src/stm32f4xx_hal_timebase_tim.o
htim1               0x40              Core/Src/tim.o
hcan1               0x28              Core/Src/can.o

Discarded input sections

 .text          0x0000000000000000        0x0 c:/stm32cubeide_1.1.0/stm32cubeide/plugins/com.st.stm32cube.ide.mcu.externaltools.gnu-tools-for-stm32.7-2018-q2-update.win32_1.0.0.201904181610/tools/bin/../lib/gcc/arm-none-eabi/7.3.1/thumb/v7e-m/fpv4-sp/hard/crti.o
[...]
Memory Configuration

Name             Origin             Length             Attributes
CCMRAM           0x0000000010000000 0x0000000000010000 xrw
RAM              0x0000000020000000 0x0000000000030000 xrw
FLASH            0x0000000008000000 0x0000000000200000 xr
*default*        0x0000000000000000 0xffffffffffffffff

Linker script and memory map

LOAD c:/stm32cubeide_1.1.0/stm32cubeide/plugins/com.st.stm32cube.ide.mcu.externaltools.gnu-tools-for-stm32.7-2018-q2-update.win32_1.0.0.201904181610/tools/bin/../lib/gcc/arm-none-eabi/7.3.1/thumb/v7e-m/fpv4-sp/hard/crti.o
LOAD c:/stm32cubeide_1.1.0/stm32cubeide/plugins/com.st.stm32cube.ide.mcu.externaltools.gnu-tools-for-stm32.7-2018-q2-update.win32_1.0.0.201904181610/tools/bin/../lib/gcc/arm-none-eabi/7.3.1/thumb/v7e-m/fpv4-sp/hard/crtbegin.o
LOAD c:/stm32cubeide_1.1.0/stm32cubeide/plugins/com.st.stm32cube.ide.mcu.externaltools.gnu-tools-for-stm32.7-2018-q2-update.win32_1.0.0.201904181610/tools/bin/../lib/gcc/arm-none-eabi/7.3.1/../../../../arm-none-eabi/lib/thumb/v7e-m/fpv4-sp/hard/crt0.o
LOAD Core/Src/can.o
LOAD Core/Src/dma.o
LOAD Core/Src/gpio.o
LOAD Core/Src/main.o
LOAD Core/Src/stm32f4xx_hal_msp.o
LOAD Core/Src/stm32f4xx_hal_timebase_tim.o
LOAD Core/Src/stm32f4xx_it.o
LOAD Core/Src/sys.o
LOAD Core/Src/syscalls.o
LOAD Core/Src/sysmem.o
LOAD Core/Src/system_stm32f4xx.o
LOAD Core/Src/tim.o
LOAD Core/Src/usart.o
LOAD Core/Startup/startup_stm32f427iihx.o
LOAD Drivers/STM32F4xx_HAL_Driver/Src/stm32f4xx_hal.o
LOAD Drivers/STM32F4xx_HAL_Driver/Src/stm32f4xx_hal_can.o
LOAD Drivers/STM32F4xx_HAL_Driver/Src/stm32f4xx_hal_cortex.o
LOAD Drivers/STM32F4xx_HAL_Driver/Src/stm32f4xx_hal_dma.o
LOAD Drivers/STM32F4xx_HAL_Driver/Src/stm32f4xx_hal_dma_ex.o
LOAD Drivers/STM32F4xx_HAL_Driver/Src/stm32f4xx_hal_exti.o
LOAD Drivers/STM32F4xx_HAL_Driver/Src/stm32f4xx_hal_flash.o
LOAD Drivers/STM32F4xx_HAL_Driver/Src/stm32f4xx_hal_flash_ex.o
LOAD Drivers/STM32F4xx_HAL_Driver/Src/stm32f4xx_hal_flash_ramfunc.o
LOAD Drivers/STM32F4xx_HAL_Driver/Src/stm32f4xx_hal_gpio.o
LOAD Drivers/STM32F4xx_HAL_Driver/Src/stm32f4xx_hal_pwr.o
LOAD Drivers/STM32F4xx_HAL_Driver/Src/stm32f4xx_hal_pwr_ex.o
LOAD Drivers/STM32F4xx_HAL_Driver/Src/stm32f4xx_hal_rcc.o
LOAD Drivers/STM32F4xx_HAL_Driver/Src/stm32f4xx_hal_rcc_ex.o
LOAD Drivers/STM32F4xx_HAL_Driver/Src/stm32f4xx_hal_tim.o
LOAD Drivers/STM32F4xx_HAL_Driver/Src/stm32f4xx_hal_tim_ex.o
LOAD Drivers/STM32F4xx_HAL_Driver/Src/stm32f4xx_hal_uart.o
START GROUP
LOAD c:/stm32cubeide_1.1.0/stm32cubeide/plugins/com.st.stm32cube.ide.mcu.externaltools.gnu-tools-for-stm32.7-2018-q2-update.win32_1.0.0.201904181610/tools/bin/../lib/gcc/arm-none-eabi/7.3.1/../../../../arm-none-eabi/lib/thumb/v7e-m/fpv4-sp/hard\libc_nano.a
LOAD c:/stm32cubeide_1.1.0/stm32cubeide/plugins/com.st.stm32cube.ide.mcu.externaltools.gnu-tools-for-stm32.7-2018-q2-update.win32_1.0.0.201904181610/tools/bin/../lib/gcc/arm-none-eabi/7.3.1/../../../../arm-none-eabi/lib/thumb/v7e-m/fpv4-sp/hard\libm.a
END GROUP
START GROUP
LOAD c:/stm32cubeide_1.1.0/stm32cubeide/plugins/com.st.stm32cube.ide.mcu.externaltools.gnu-tools-for-stm32.7-2018-q2-update.win32_1.0.0.201904181610/tools/bin/../lib/gcc/arm-none-eabi/7.3.1/thumb/v7e-m/fpv4-sp/hard\libgcc.a
LOAD c:/stm32cubeide_1.1.0/stm32cubeide/plugins/com.st.stm32cube.ide.mcu.externaltools.gnu-tools-for-stm32.7-2018-q2-update.win32_1.0.0.201904181610/tools/bin/../lib/gcc/arm-none-eabi/7.3.1/../../../../arm-none-eabi/lib/thumb/v7e-m/fpv4-sp/hard\libc_nano.a
END GROUP
START GROUP
LOAD c:/stm32cubeide_1.1.0/stm32cubeide/plugins/com.st.stm32cube.ide.mcu.externaltools.gnu-tools-for-stm32.7-2018-q2-update.win32_1.0.0.201904181610/tools/bin/../lib/gcc/arm-none-eabi/7.3.1/thumb/v7e-m/fpv4-sp/hard\libgcc.a
LOAD c:/stm32cubeide_1.1.0/stm32cubeide/plugins/com.st.stm32cube.ide.mcu.externaltools.gnu-tools-for-stm32.7-2018-q2-update.win32_1.0.0.201904181610/tools/bin/../lib/gcc/arm-none-eabi/7.3.1/../../../../arm-none-eabi/lib/thumb/v7e-m/fpv4-sp/hard\libc_nano.a
LOAD c:/stm32cubeide_1.1.0/stm32cubeide/plugins/com.st.stm32cube.ide.mcu.externaltools.gnu-tools-for-stm32.7-2018-q2-update.win32_1.0.0.201904181610/tools/bin/../lib/gcc/arm-none-eabi/7.3.1/../../../../arm-none-eabi/lib/thumb/v7e-m/fpv4-sp/hard\libnosys.a
END GROUP
START GROUP
LOAD c:/stm32cubeide_1.1.0/stm32cubeide/plugins/com.st.stm32cube.ide.mcu.externaltools.gnu-tools-for-stm32.7-2018-q2-update.win32_1.0.0.201904181610/tools/bin/../lib/gcc/arm-none-eabi/7.3.1/thumb/v7e-m/fpv4-sp/hard\libgcc.a
LOAD c:/stm32cubeide_1.1.0/stm32cubeide/plugins/com.st.stm32cube.ide.mcu.externaltools.gnu-tools-for-stm32.7-2018-q2-update.win32_1.0.0.201904181610/tools/bin/../lib/gcc/arm-none-eabi/7.3.1/../../../../arm-none-eabi/lib/thumb/v7e-m/fpv4-sp/hard\libc_nano.a
LOAD c:/stm32cubeide_1.1.0/stm32cubeide/plugins/com.st.stm32cube.ide.mcu.externaltools.gnu-tools-for-stm32.7-2018-q2-update.win32_1.0.0.201904181610/tools/bin/../lib/gcc/arm-none-eabi/7.3.1/../../../../arm-none-eabi/lib/thumb/v7e-m/fpv4-sp/hard\libnosys.a
END GROUP
LOAD c:/stm32cubeide_1.1.0/stm32cubeide/plugins/com.st.stm32cube.ide.mcu.externaltools.gnu-tools-for-stm32.7-2018-q2-update.win32_1.0.0.201904181610/tools/bin/../lib/gcc/arm-none-eabi/7.3.1/thumb/v7e-m/fpv4-sp/hard/crtend.o
LOAD c:/stm32cubeide_1.1.0/stm32cubeide/plugins/com.st.stm32cube.ide.mcu.externaltools.gnu-tools-for-stm32.7-2018-q2-update.win32_1.0.0.201904181610/tools/bin/../lib/gcc/arm-none-eabi/7.3.1/thumb/v7e-m/fpv4-sp/hard/crtn.o
                0x0000000020030000                _estack = (ORIGIN (RAM) + LENGTH (RAM))
                0x0000000000000200                _Min_Heap_Size = 0x200
                0x0000000000000400                _Min_Stack_Size = 0x400

.isr_vector     0x0000000008000000      0x1ac
                0x0000000008000000                . = ALIGN (0x4)
 *(.isr_vector)
 .isr_vector    0x0000000008000000      0x1ac Core/Startup/startup_stm32f427iihx.o
                0x0000000008000000                g_pfnVectors
                0x00000000080001ac                . = ALIGN (0x4)

.text           0x00000000080001ac     0x3a98
                0x00000000080001ac                . = ALIGN (0x4)
 *(.text)
 .text          0x00000000080001ac       0x40 c:/stm32cubeide_1.1.0/stm32cubeide/plugins/com.st.stm32cube.ide.mcu.externaltools.gnu-tools-for-stm32.7-2018-q2-update.win32_1.0.0.201904181610/tools/bin/../lib/gcc/arm-none-eabi/7.3.1/thumb/v7e-m/fpv4-sp/hard/crtbegin.o
 .text          0x00000000080001ec       0x30 c:/stm32cubeide_1.1.0/stm32cubeide/plugins/com.st.stm32cube.ide.mcu.externaltools.gnu-tools-for-stm32.7-2018-q2-update.win32_1.0.0.201904181610/tools/bin/../lib/gcc/arm-none-eabi/7.3.1/thumb/v7e-m/fpv4-sp/hard\libgcc.a(_aeabi_uldivmod.o)
                0x00000000080001ec                __aeabi_uldivmod
 .text          0x000000000800021c      0x2cc c:/stm32cubeide_1.1.0/stm32cubeide/plugins/com.st.stm32cube.ide.mcu.externaltools.gnu-tools-for-stm32.7-2018-q2-update.win32_1.0.0.201904181610/tools/bin/../lib/gcc/arm-none-eabi/7.3.1/thumb/v7e-m/fpv4-sp/hard\libgcc.a(_udivmoddi4.o)
                0x000000000800021c                __udivmoddi4
 .text          0x00000000080004e8        0x4 c:/stm32cubeide_1.1.0/stm32cubeide/plugins/com.st.stm32cube.ide.mcu.externaltools.gnu-tools-for-stm32.7-2018-q2-update.win32_1.0.0.201904181610/tools/bin/../lib/gcc/arm-none-eabi/7.3.1/thumb/v7e-m/fpv4-sp/hard\libgcc.a(_dvmd_tls.o)
                0x00000000080004e8                __aeabi_idiv0
                0x00000000080004e8                __aeabi_ldiv0
 *(.text*)
 .text.MX_CAN1_Init
                0x00000000080004ec       0x6c Core/Src/can.o
                0x00000000080004ec                MX_CAN1_Init
 .text.HAL_CAN_MspInit
                0x0000000008000558       0xb0 Core/Src/can.o
                0x0000000008000558                HAL_CAN_MspInit
 .text.MX_DMA_Init
                0x0000000008000608       0x50 Core/Src/dma.o
                0x0000000008000608                MX_DMA_Init
 .text.MX_GPIO_Init
                0x0000000008000658      0x140 Core/Src/gpio.o
                0x0000000008000658                MX_GPIO_Init
 .text.main     0x0000000008000798       0x22 Core/Src/main.o
                0x0000000008000798                main
 *fill*         0x00000000080007ba        0x2 
 .text.SystemClock_Config
                0x00000000080007bc       0xd4 Core/Src/main.o
                0x00000000080007bc                SystemClock_Config
 .text.HAL_TIM_PeriodElapsedCallback
                0x0000000008000890       0x24 Core/Src/main.o
                0x0000000008000890                HAL_TIM_PeriodElapsedCallback
 .text.Error_Handler
                0x00000000080008b4        0xe Core/Src/main.o
                0x00000000080008b4                Error_Handler
 *fill*         0x00000000080008c2        0x2 
 .text.HAL_MspInit
                0x00000000080008c4       0x50 Core/Src/stm32f4xx_hal_msp.o
                0x00000000080008c4                HAL_MspInit
 .text.HAL_InitTick
                0x0000000008000914       0xb4 Core/Src/stm32f4xx_hal_timebase_tim.o
                0x0000000008000914                HAL_InitTick
 .text.NMI_Handler
                0x00000000080009c8        0xe Core/Src/stm32f4xx_it.o
                0x00000000080009c8                NMI_Handler
 .text.HardFault_Handler
                0x00000000080009d6        0x6 Core/Src/stm32f4xx_it.o
                0x00000000080009d6                HardFault_Handler
 .text.MemManage_Handler
                0x00000000080009dc        0x6 Core/Src/stm32f4xx_it.o
                0x00000000080009dc                MemManage_Handler
 .text.BusFault_Handler
                0x00000000080009e2        0x6 Core/Src/stm32f4xx_it.o
                0x00000000080009e2                BusFault_Handler
 .text.UsageFault_Handler
                0x00000000080009e8        0x6 Core/Src/stm32f4xx_it.o
                0x00000000080009e8                UsageFault_Handler
 .text.SVC_Handler
                0x00000000080009ee        0xe Core/Src/stm32f4xx_it.o
                0x00000000080009ee                SVC_Handler
 .text.DebugMon_Handler
                0x00000000080009fc        0xe Core/Src/stm32f4xx_it.o
                0x00000000080009fc                DebugMon_Handler
 .text.PendSV_Handler
                0x0000000008000a0a        0xe Core/Src/stm32f4xx_it.o
                0x0000000008000a0a                PendSV_Handler
 .text.SysTick_Handler
                0x0000000008000a18        0xe Core/Src/stm32f4xx_it.o
                0x0000000008000a18                SysTick_Handler
 *fill*         0x0000000008000a26        0x2 
 .text.CAN1_TX_IRQHandler
                0x0000000008000a28       0x14 Core/Src/stm32f4xx_it.o
                0x0000000008000a28                CAN1_TX_IRQHandler
 .text.CAN1_RX0_IRQHandler
                0x0000000008000a3c       0x14 Core/Src/stm32f4xx_it.o
                0x0000000008000a3c                CAN1_RX0_IRQHandler
 .text.USART1_IRQHandler
                0x0000000008000a50       0x14 Core/Src/stm32f4xx_it.o
                0x0000000008000a50                USART1_IRQHandler
 .text.TIM6_DAC_IRQHandler
                0x0000000008000a64       0x14 Core/Src/stm32f4xx_it.o
                0x0000000008000a64                TIM6_DAC_IRQHandler
 .text.DMA2_Stream2_IRQHandler
                0x0000000008000a78       0x14 Core/Src/stm32f4xx_it.o
                0x0000000008000a78                DMA2_Stream2_IRQHandler
 .text.DMA2_Stream6_IRQHandler
                0x0000000008000a8c       0x14 Core/Src/stm32f4xx_it.o
                0x0000000008000a8c                DMA2_Stream6_IRQHandler
 .text.SystemInit
                0x0000000008000aa0       0x6c Core/Src/system_stm32f4xx.o
                0x0000000008000aa0                SystemInit
 .text.MX_TIM1_Init
                0x0000000008000b0c      0x100 Core/Src/tim.o
                0x0000000008000b0c                MX_TIM1_Init
 .text.HAL_TIM_IC_MspInit
                0x0000000008000c0c      0x154 Core/Src/tim.o
                0x0000000008000c0c                HAL_TIM_IC_MspInit
 .text.MX_USART1_UART_Init
                0x0000000008000d60       0x58 Core/Src/usart.o
                0x0000000008000d60                MX_USART1_UART_Init
 .text.HAL_UART_MspInit
                0x0000000008000db8      0x104 Core/Src/usart.o
                0x0000000008000db8                HAL_UART_MspInit
 .text.Reset_Handler
                0x0000000008000ebc       0x50 Core/Startup/startup_stm32f427iihx.o
                0x0000000008000ebc                Reset_Handler
 .text.Default_Handler
                0x0000000008000f0c        0x2 Core/Startup/startup_stm32f427iihx.o
                0x0000000008000f0c                RTC_Alarm_IRQHandler
                0x0000000008000f0c                HASH_RNG_IRQHandler
                0x0000000008000f0c                EXTI2_IRQHandler
                0x0000000008000f0c                TIM8_CC_IRQHandler
                0x0000000008000f0c                UART8_IRQHandler
                0x0000000008000f0c                SPI4_IRQHandler
                0x0000000008000f0c                TIM1_CC_IRQHandler
                0x0000000008000f0c                DMA2_Stream5_IRQHandler
                0x0000000008000f0c                DMA1_Stream5_IRQHandler
                0x0000000008000f0c                PVD_IRQHandler
                0x0000000008000f0c                SDIO_IRQHandler
                0x0000000008000f0c                TAMP_STAMP_IRQHandler
                0x0000000008000f0c                CAN2_RX1_IRQHandler
                0x0000000008000f0c                EXTI3_IRQHandler
                0x0000000008000f0c                TIM8_TRG_COM_TIM14_IRQHandler
                0x0000000008000f0c                TIM1_UP_TIM10_IRQHandler
                0x0000000008000f0c                TIM8_UP_TIM13_IRQHandler
                0x0000000008000f0c                I2C3_ER_IRQHandler
                0x0000000008000f0c                EXTI0_IRQHandler
                0x0000000008000f0c                I2C2_EV_IRQHandler
                0x0000000008000f0c                DMA1_Stream2_IRQHandler
                0x0000000008000f0c                FPU_IRQHandler
                0x0000000008000f0c                OTG_HS_WKUP_IRQHandler
                0x0000000008000f0c                CAN2_SCE_IRQHandler
                0x0000000008000f0c                SPI1_IRQHandler
                0x0000000008000f0c                TIM1_BRK_TIM9_IRQHandler
                0x0000000008000f0c                DCMI_IRQHandler
                0x0000000008000f0c                CAN2_RX0_IRQHandler
                0x0000000008000f0c                DMA2_Stream3_IRQHandler
                0x0000000008000f0c                USART6_IRQHandler
                0x0000000008000f0c                USART3_IRQHandler
                0x0000000008000f0c                CAN1_RX1_IRQHandler
                0x0000000008000f0c                UART5_IRQHandler
                0x0000000008000f0c                DMA2_Stream0_IRQHandler
                0x0000000008000f0c                TIM4_IRQHandler
                0x0000000008000f0c                I2C1_EV_IRQHandler
                0x0000000008000f0c                DMA1_Stream6_IRQHandler
                0x0000000008000f0c                DMA1_Stream1_IRQHandler
                0x0000000008000f0c                UART4_IRQHandler
                0x0000000008000f0c                TIM3_IRQHandler
                0x0000000008000f0c                RCC_IRQHandler
                0x0000000008000f0c                TIM8_BRK_TIM12_IRQHandler
                0x0000000008000f0c                Default_Handler
                0x0000000008000f0c                EXTI15_10_IRQHandler
                0x0000000008000f0c                ADC_IRQHandler
                0x0000000008000f0c                DMA1_Stream7_IRQHandler
                0x0000000008000f0c                SPI5_IRQHandler
                0x0000000008000f0c                TIM7_IRQHandler
                0x0000000008000f0c                CAN2_TX_IRQHandler
                0x0000000008000f0c                TIM5_IRQHandler
                0x0000000008000f0c                DMA2_Stream7_IRQHandler
                0x0000000008000f0c                I2C3_EV_IRQHandler
                0x0000000008000f0c                EXTI9_5_IRQHandler
                0x0000000008000f0c                RTC_WKUP_IRQHandler
                0x0000000008000f0c                ETH_WKUP_IRQHandler
                0x0000000008000f0c                SPI2_IRQHandler
                0x0000000008000f0c                OTG_HS_EP1_IN_IRQHandler
                0x0000000008000f0c                DMA1_Stream0_IRQHandler
                0x0000000008000f0c                EXTI4_IRQHandler
                0x0000000008000f0c                ETH_IRQHandler
                0x0000000008000f0c                OTG_HS_EP1_OUT_IRQHandler
                0x0000000008000f0c                WWDG_IRQHandler
                0x0000000008000f0c                SPI6_IRQHandler
                0x0000000008000f0c                TIM2_IRQHandler
                0x0000000008000f0c                OTG_FS_WKUP_IRQHandler
                0x0000000008000f0c                TIM1_TRG_COM_TIM11_IRQHandler
                0x0000000008000f0c                OTG_HS_IRQHandler
                0x0000000008000f0c                DMA2D_IRQHandler
                0x0000000008000f0c                EXTI1_IRQHandler
                0x0000000008000f0c                UART7_IRQHandler
                0x0000000008000f0c                USART2_IRQHandler
                0x0000000008000f0c                I2C2_ER_IRQHandler
                0x0000000008000f0c                DMA2_Stream1_IRQHandler
                0x0000000008000f0c                CAN1_SCE_IRQHandler
                0x0000000008000f0c                FLASH_IRQHandler
                0x0000000008000f0c                DMA2_Stream4_IRQHandler
                0x0000000008000f0c                OTG_FS_IRQHandler
                0x0000000008000f0c                SPI3_IRQHandler
                0x0000000008000f0c                DMA1_Stream4_IRQHandler
                0x0000000008000f0c                I2C1_ER_IRQHandler
                0x0000000008000f0c                FMC_IRQHandler
                0x0000000008000f0c                SAI1_IRQHandler
                0x0000000008000f0c                DMA1_Stream3_IRQHandler
 *fill*         0x0000000008000f0e        0x2 
 .text.HAL_Init
                0x0000000008000f10       0x44 Drivers/STM32F4xx_HAL_Driver/Src/stm32f4xx_hal.o
                0x0000000008000f10                HAL_Init
 .text.HAL_IncTick
                0x0000000008000f54       0x28 Drivers/STM32F4xx_HAL_Driver/Src/stm32f4xx_hal.o
                0x0000000008000f54                HAL_IncTick
 .text.HAL_GetTick
                0x0000000008000f7c       0x18 Drivers/STM32F4xx_HAL_Driver/Src/stm32f4xx_hal.o
                0x0000000008000f7c                HAL_GetTick
 .text.HAL_CAN_Init
                0x0000000008000f94      0x1f6 Drivers/STM32F4xx_HAL_Driver/Src/stm32f4xx_hal_can.o
                0x0000000008000f94                HAL_CAN_Init
 .text.HAL_CAN_IRQHandler
                0x000000000800118a      0x362 Drivers/STM32F4xx_HAL_Driver/Src/stm32f4xx_hal_can.o
                0x000000000800118a                HAL_CAN_IRQHandler
 .text.HAL_CAN_TxMailbox0CompleteCallback
                0x00000000080014ec       0x14 Drivers/STM32F4xx_HAL_Driver/Src/stm32f4xx_hal_can.o
                0x00000000080014ec                HAL_CAN_TxMailbox0CompleteCallback
 .text.HAL_CAN_TxMailbox1CompleteCallback
                0x0000000008001500       0x14 Drivers/STM32F4xx_HAL_Driver/Src/stm32f4xx_hal_can.o
                0x0000000008001500                HAL_CAN_TxMailbox1CompleteCallback
 .text.HAL_CAN_TxMailbox2CompleteCallback
                0x0000000008001514       0x14 Drivers/STM32F4xx_HAL_Driver/Src/stm32f4xx_hal_can.o
                0x0000000008001514                HAL_CAN_TxMailbox2CompleteCallback
 .text.HAL_CAN_TxMailbox0AbortCallback
                0x0000000008001528       0x14 Drivers/STM32F4xx_HAL_Driver/Src/stm32f4xx_hal_can.o
                0x0000000008001528                HAL_CAN_TxMailbox0AbortCallback
 .text.HAL_CAN_TxMailbox1AbortCallback
                0x000000000800153c       0x14 Drivers/STM32F4xx_HAL_Driver/Src/stm32f4xx_hal_can.o
                0x000000000800153c                HAL_CAN_TxMailbox1AbortCallback
 .text.HAL_CAN_TxMailbox2AbortCallback
                0x0000000008001550       0x14 Drivers/STM32F4xx_HAL_Driver/Src/stm32f4xx_hal_can.o
                0x0000000008001550                HAL_CAN_TxMailbox2AbortCallback
 .text.HAL_CAN_RxFifo0MsgPendingCallback
                0x0000000008001564       0x14 Drivers/STM32F4xx_HAL_Driver/Src/stm32f4xx_hal_can.o
                0x0000000008001564                HAL_CAN_RxFifo0MsgPendingCallback
 .text.HAL_CAN_RxFifo0FullCallback
                0x0000000008001578       0x14 Drivers/STM32F4xx_HAL_Driver/Src/stm32f4xx_hal_can.o
                0x0000000008001578                HAL_CAN_RxFifo0FullCallback
 .text.HAL_CAN_RxFifo1MsgPendingCallback
                0x000000000800158c       0x14 Drivers/STM32F4xx_HAL_Driver/Src/stm32f4xx_hal_can.o
                0x000000000800158c                HAL_CAN_RxFifo1MsgPendingCallback
 .text.HAL_CAN_RxFifo1FullCallback
                0x00000000080015a0       0x14 Drivers/STM32F4xx_HAL_Driver/Src/stm32f4xx_hal_can.o
                0x00000000080015a0                HAL_CAN_RxFifo1FullCallback
 .text.HAL_CAN_SleepCallback
                0x00000000080015b4       0x14 Drivers/STM32F4xx_HAL_Driver/Src/stm32f4xx_hal_can.o
                0x00000000080015b4                HAL_CAN_SleepCallback
 .text.HAL_CAN_WakeUpFromRxMsgCallback
                0x00000000080015c8       0x14 Drivers/STM32F4xx_HAL_Driver/Src/stm32f4xx_hal_can.o
                0x00000000080015c8                HAL_CAN_WakeUpFromRxMsgCallback
 .text.HAL_CAN_ErrorCallback
                0x00000000080015dc       0x14 Drivers/STM32F4xx_HAL_Driver/Src/stm32f4xx_hal_can.o
                0x00000000080015dc                HAL_CAN_ErrorCallback
 .text.__NVIC_SetPriorityGrouping
                0x00000000080015f0       0x48 Drivers/STM32F4xx_HAL_Driver/Src/stm32f4xx_hal_cortex.o
 .text.__NVIC_GetPriorityGrouping
                0x0000000008001638       0x1c Drivers/STM32F4xx_HAL_Driver/Src/stm32f4xx_hal_cortex.o
 .text.__NVIC_EnableIRQ
                0x0000000008001654       0x3c Drivers/STM32F4xx_HAL_Driver/Src/stm32f4xx_hal_cortex.o
 .text.__NVIC_SetPriority
                0x0000000008001690       0x54 Drivers/STM32F4xx_HAL_Driver/Src/stm32f4xx_hal_cortex.o
 .text.NVIC_EncodePriority
                0x00000000080016e4       0x66 Drivers/STM32F4xx_HAL_Driver/Src/stm32f4xx_hal_cortex.o
 .text.HAL_NVIC_SetPriorityGrouping
                0x000000000800174a       0x16 Drivers/STM32F4xx_HAL_Driver/Src/stm32f4xx_hal_cortex.o
                0x000000000800174a                HAL_NVIC_SetPriorityGrouping
 .text.HAL_NVIC_SetPriority
                0x0000000008001760       0x38 Drivers/STM32F4xx_HAL_Driver/Src/stm32f4xx_hal_cortex.o
                0x0000000008001760                HAL_NVIC_SetPriority
 .text.HAL_NVIC_EnableIRQ
                0x0000000008001798       0x1c Drivers/STM32F4xx_HAL_Driver/Src/stm32f4xx_hal_cortex.o
                0x0000000008001798                HAL_NVIC_EnableIRQ
 .text.HAL_DMA_Init
                0x00000000080017b4      0x15c Drivers/STM32F4xx_HAL_Driver/Src/stm32f4xx_hal_dma.o
                0x00000000080017b4                HAL_DMA_Init
 .text.HAL_DMA_Abort_IT
                0x0000000008001910       0x44 Drivers/STM32F4xx_HAL_Driver/Src/stm32f4xx_hal_dma.o
                0x0000000008001910                HAL_DMA_Abort_IT
 .text.HAL_DMA_IRQHandler
                0x0000000008001954      0x314 Drivers/STM32F4xx_HAL_Driver/Src/stm32f4xx_hal_dma.o
                0x0000000008001954                HAL_DMA_IRQHandler
 .text.DMA_CalcBaseAndBitshift
                0x0000000008001c68       0x6c Drivers/STM32F4xx_HAL_Driver/Src/stm32f4xx_hal_dma.o
 .text.DMA_CheckFifoParam
                0x0000000008001cd4       0xf4 Drivers/STM32F4xx_HAL_Driver/Src/stm32f4xx_hal_dma.o
 .text.HAL_GPIO_Init
                0x0000000008001dc8      0x354 Drivers/STM32F4xx_HAL_Driver/Src/stm32f4xx_hal_gpio.o
                0x0000000008001dc8                HAL_GPIO_Init
 .text.HAL_GPIO_WritePin
                0x000000000800211c       0x32 Drivers/STM32F4xx_HAL_Driver/Src/stm32f4xx_hal_gpio.o
                0x000000000800211c                HAL_GPIO_WritePin
 *fill*         0x000000000800214e        0x2 
 .text.HAL_RCC_OscConfig
                0x0000000008002150      0x484 Drivers/STM32F4xx_HAL_Driver/Src/stm32f4xx_hal_rcc.o
                0x0000000008002150                HAL_RCC_OscConfig
 .text.HAL_RCC_ClockConfig
                0x00000000080025d4      0x1c4 Drivers/STM32F4xx_HAL_Driver/Src/stm32f4xx_hal_rcc.o
                0x00000000080025d4                HAL_RCC_ClockConfig
 .text.HAL_RCC_GetSysClockFreq
                0x0000000008002798      0x164 Drivers/STM32F4xx_HAL_Driver/Src/stm32f4xx_hal_rcc.o
                0x0000000008002798                HAL_RCC_GetSysClockFreq
 .text.HAL_RCC_GetHCLKFreq
                0x00000000080028fc       0x18 Drivers/STM32F4xx_HAL_Driver/Src/stm32f4xx_hal_rcc.o
                0x00000000080028fc                HAL_RCC_GetHCLKFreq
 .text.HAL_RCC_GetPCLK1Freq
                0x0000000008002914       0x28 Drivers/STM32F4xx_HAL_Driver/Src/stm32f4xx_hal_rcc.o
                0x0000000008002914                HAL_RCC_GetPCLK1Freq
 .text.HAL_RCC_GetPCLK2Freq
                0x000000000800293c       0x28 Drivers/STM32F4xx_HAL_Driver/Src/stm32f4xx_hal_rcc.o
                0x000000000800293c                HAL_RCC_GetPCLK2Freq
 .text.HAL_RCC_GetClockConfig
                0x0000000008002964       0x64 Drivers/STM32F4xx_HAL_Driver/Src/stm32f4xx_hal_rcc.o
                0x0000000008002964                HAL_RCC_GetClockConfig
 .text.HAL_TIM_Base_Init
                0x00000000080029c8       0x56 Drivers/STM32F4xx_HAL_Driver/Src/stm32f4xx_hal_tim.o
                0x00000000080029c8                HAL_TIM_Base_Init
 .text.HAL_TIM_Base_MspInit
                0x0000000008002a1e       0x14 Drivers/STM32F4xx_HAL_Driver/Src/stm32f4xx_hal_tim.o
                0x0000000008002a1e                HAL_TIM_Base_MspInit
 .text.HAL_TIM_Base_Start_IT
                0x0000000008002a32       0x48 Drivers/STM32F4xx_HAL_Driver/Src/stm32f4xx_hal_tim.o
                0x0000000008002a32                HAL_TIM_Base_Start_IT
 .text.HAL_TIM_IC_Init
                0x0000000008002a7a       0x56 Drivers/STM32F4xx_HAL_Driver/Src/stm32f4xx_hal_tim.o
                0x0000000008002a7a                HAL_TIM_IC_Init
 .text.HAL_TIM_IRQHandler
                0x0000000008002ad0      0x210 Drivers/STM32F4xx_HAL_Driver/Src/stm32f4xx_hal_tim.o
                0x0000000008002ad0                HAL_TIM_IRQHandler
 .text.HAL_TIM_IC_ConfigChannel
                0x0000000008002ce0      0x138 Drivers/STM32F4xx_HAL_Driver/Src/stm32f4xx_hal_tim.o
                0x0000000008002ce0                HAL_TIM_IC_ConfigChannel
 .text.HAL_TIM_OC_DelayElapsedCallback
                0x0000000008002e18       0x14 Drivers/STM32F4xx_HAL_Driver/Src/stm32f4xx_hal_tim.o
                0x0000000008002e18                HAL_TIM_OC_DelayElapsedCallback
 .text.HAL_TIM_IC_CaptureCallback
                0x0000000008002e2c       0x14 Drivers/STM32F4xx_HAL_Driver/Src/stm32f4xx_hal_tim.o
                0x0000000008002e2c                HAL_TIM_IC_CaptureCallback
 .text.HAL_TIM_PWM_PulseFinishedCallback
                0x0000000008002e40       0x14 Drivers/STM32F4xx_HAL_Driver/Src/stm32f4xx_hal_tim.o
                0x0000000008002e40                HAL_TIM_PWM_PulseFinishedCallback
 .text.HAL_TIM_TriggerCallback
                0x0000000008002e54       0x14 Drivers/STM32F4xx_HAL_Driver/Src/stm32f4xx_hal_tim.o
                0x0000000008002e54                HAL_TIM_TriggerCallback
 .text.TIM_Base_SetConfig
                0x0000000008002e68      0x140 Drivers/STM32F4xx_HAL_Driver/Src/stm32f4xx_hal_tim.o
                0x0000000008002e68                TIM_Base_SetConfig
 .text.TIM_TI1_SetConfig
                0x0000000008002fa8       0xe8 Drivers/STM32F4xx_HAL_Driver/Src/stm32f4xx_hal_tim.o
                0x0000000008002fa8                TIM_TI1_SetConfig
 .text.TIM_TI2_SetConfig
                0x0000000008003090       0x7a Drivers/STM32F4xx_HAL_Driver/Src/stm32f4xx_hal_tim.o
 .text.TIM_TI3_SetConfig
                0x000000000800310a       0x78 Drivers/STM32F4xx_HAL_Driver/Src/stm32f4xx_hal_tim.o
 .text.TIM_TI4_SetConfig
                0x0000000008003182       0x7a Drivers/STM32F4xx_HAL_Driver/Src/stm32f4xx_hal_tim.o
 .text.HAL_TIMEx_MasterConfigSynchronization
                0x00000000080031fc       0x8a Drivers/STM32F4xx_HAL_Driver/Src/stm32f4xx_hal_tim_ex.o
                0x00000000080031fc                HAL_TIMEx_MasterConfigSynchronization
 .text.HAL_TIMEx_CommutCallback
                0x0000000008003286       0x14 Drivers/STM32F4xx_HAL_Driver/Src/stm32f4xx_hal_tim_ex.o
                0x0000000008003286                HAL_TIMEx_CommutCallback
 .text.HAL_TIMEx_BreakCallback
                0x000000000800329a       0x14 Drivers/STM32F4xx_HAL_Driver/Src/stm32f4xx_hal_tim_ex.o
                0x000000000800329a                HAL_TIMEx_BreakCallback
 .text.HAL_UART_Init
                0x00000000080032ae       0x9a Drivers/STM32F4xx_HAL_Driver/Src/stm32f4xx_hal_uart.o
                0x00000000080032ae                HAL_UART_Init
 .text.HAL_UART_IRQHandler
                0x0000000008003348      0x1f8 Drivers/STM32F4xx_HAL_Driver/Src/stm32f4xx_hal_uart.o
                0x0000000008003348                HAL_UART_IRQHandler
 .text.HAL_UART_TxCpltCallback
                0x0000000008003540       0x14 Drivers/STM32F4xx_HAL_Driver/Src/stm32f4xx_hal_uart.o
                0x0000000008003540                HAL_UART_TxCpltCallback
 .text.HAL_UART_RxCpltCallback
                0x0000000008003554       0x14 Drivers/STM32F4xx_HAL_Driver/Src/stm32f4xx_hal_uart.o
                0x0000000008003554                HAL_UART_RxCpltCallback
 .text.HAL_UART_ErrorCallback
                0x0000000008003568       0x14 Drivers/STM32F4xx_HAL_Driver/Src/stm32f4xx_hal_uart.o
                0x0000000008003568                HAL_UART_ErrorCallback
 .text.UART_EndRxTransfer
                0x000000000800357c       0x3c Drivers/STM32F4xx_HAL_Driver/Src/stm32f4xx_hal_uart.o
 .text.UART_DMAAbortOnError
                0x00000000080035b8       0x28 Drivers/STM32F4xx_HAL_Driver/Src/stm32f4xx_hal_uart.o
 .text.UART_Transmit_IT
                0x00000000080035e0       0xac Drivers/STM32F4xx_HAL_Driver/Src/stm32f4xx_hal_uart.o
 .text.UART_EndTransmit_IT
                0x000000000800368c       0x30 Drivers/STM32F4xx_HAL_Driver/Src/stm32f4xx_hal_uart.o
 .text.UART_Receive_IT
                0x00000000080036bc      0x102 Drivers/STM32F4xx_HAL_Driver/Src/stm32f4xx_hal_uart.o
 *fill*         0x00000000080037be        0x2 
 .text.UART_SetConfig
                0x00000000080037c0      0x414 Drivers/STM32F4xx_HAL_Driver/Src/stm32f4xx_hal_uart.o
 .text.__libc_init_array
                0x0000000008003bd4       0x48 c:/stm32cubeide_1.1.0/stm32cubeide/plugins/com.st.stm32cube.ide.mcu.externaltools.gnu-tools-for-stm32.7-2018-q2-update.win32_1.0.0.201904181610/tools/bin/../lib/gcc/arm-none-eabi/7.3.1/../../../../arm-none-eabi/lib/thumb/v7e-m/fpv4-sp/hard\libc_nano.a(lib_a-init.o)
                0x0000000008003bd4                __libc_init_array
 .text.memset   0x0000000008003c1c       0x10 c:/stm32cubeide_1.1.0/stm32cubeide/plugins/com.st.stm32cube.ide.mcu.externaltools.gnu-tools-for-stm32.7-2018-q2-update.win32_1.0.0.201904181610/tools/bin/../lib/gcc/arm-none-eabi/7.3.1/../../../../arm-none-eabi/lib/thumb/v7e-m/fpv4-sp/hard\libc_nano.a(lib_a-memset.o)
                0x0000000008003c1c                memset
 *(.glue_7)
 .glue_7        0x0000000008003c2c        0x0 linker stubs
 *(.glue_7t)
 .glue_7t       0x0000000008003c2c        0x0 linker stubs
 *(.eh_frame)
 .eh_frame      0x0000000008003c2c        0x0 c:/stm32cubeide_1.1.0/stm32cubeide/plugins/com.st.stm32cube.ide.mcu.externaltools.gnu-tools-for-stm32.7-2018-q2-update.win32_1.0.0.201904181610/tools/bin/../lib/gcc/arm-none-eabi/7.3.1/thumb/v7e-m/fpv4-sp/hard/crtbegin.o
 *(.init)
 .init          0x0000000008003c2c        0x4 c:/stm32cubeide_1.1.0/stm32cubeide/plugins/com.st.stm32cube.ide.mcu.externaltools.gnu-tools-for-stm32.7-2018-q2-update.win32_1.0.0.201904181610/tools/bin/../lib/gcc/arm-none-eabi/7.3.1/thumb/v7e-m/fpv4-sp/hard/crti.o
                0x0000000008003c2c                _init
 .init          0x0000000008003c30        0x8 c:/stm32cubeide_1.1.0/stm32cubeide/plugins/com.st.stm32cube.ide.mcu.externaltools.gnu-tools-for-stm32.7-2018-q2-update.win32_1.0.0.201904181610/tools/bin/../lib/gcc/arm-none-eabi/7.3.1/thumb/v7e-m/fpv4-sp/hard/crtn.o
 *(.fini)
 .fini          0x0000000008003c38        0x4 c:/stm32cubeide_1.1.0/stm32cubeide/plugins/com.st.stm32cube.ide.mcu.externaltools.gnu-tools-for-stm32.7-2018-q2-update.win32_1.0.0.201904181610/tools/bin/../lib/gcc/arm-none-eabi/7.3.1/thumb/v7e-m/fpv4-sp/hard/crti.o
                0x0000000008003c38                _fini
 .fini          0x0000000008003c3c        0x8 c:/stm32cubeide_1.1.0/stm32cubeide/plugins/com.st.stm32cube.ide.mcu.externaltools.gnu-tools-for-stm32.7-2018-q2-update.win32_1.0.0.201904181610/tools/bin/../lib/gcc/arm-none-eabi/7.3.1/thumb/v7e-m/fpv4-sp/hard/crtn.o
                0x0000000008003c44                . = ALIGN (0x4)
                0x0000000008003c44                _etext = .

.vfp11_veneer   0x0000000008003c44        0x0
 .vfp11_veneer  0x0000000008003c44        0x0 linker stubs

.v4_bx          0x0000000008003c44        0x0
 .v4_bx         0x0000000008003c44        0x0 linker stubs

.iplt           0x0000000008003c44        0x0
 .iplt          0x0000000008003c44        0x0 c:/stm32cubeide_1.1.0/stm32cubeide/plugins/com.st.stm32cube.ide.mcu.externaltools.gnu-tools-for-stm32.7-2018-q2-update.win32_1.0.0.201904181610/tools/bin/../lib/gcc/arm-none-eabi/7.3.1/thumb/v7e-m/fpv4-sp/hard/crtbegin.o

.rodata         0x0000000008003c44       0x20
                0x0000000008003c44                . = ALIGN (0x4)
 *(.rodata)
 *(.rodata*)
 .rodata.AHBPrescTable
                0x0000000008003c44       0x10 Core/Src/system_stm32f4xx.o
                0x0000000008003c44                AHBPrescTable
 .rodata.APBPrescTable
                0x0000000008003c54        0x8 Core/Src/system_stm32f4xx.o
                0x0000000008003c54                APBPrescTable
 .rodata.flagBitshiftOffset.8359
                0x0000000008003c5c        0x8 Drivers/STM32F4xx_HAL_Driver/Src/stm32f4xx_hal_dma.o
                0x0000000008003c64                . = ALIGN (0x4)

.ARM.extab      0x0000000008003c64        0x0
                0x0000000008003c64                . = ALIGN (0x4)
 *(.ARM.extab* .gnu.linkonce.armextab.*)
                0x0000000008003c64                . = ALIGN (0x4)

.ARM            0x0000000008003c64        0x8
                0x0000000008003c64                . = ALIGN (0x4)
                0x0000000008003c64                __exidx_start = .
 *(.ARM.exidx*)
 .ARM.exidx     0x0000000008003c64        0x8 c:/stm32cubeide_1.1.0/stm32cubeide/plugins/com.st.stm32cube.ide.mcu.externaltools.gnu-tools-for-stm32.7-2018-q2-update.win32_1.0.0.201904181610/tools/bin/../lib/gcc/arm-none-eabi/7.3.1/thumb/v7e-m/fpv4-sp/hard\libgcc.a(_udivmoddi4.o)
                0x0000000008003c6c                __exidx_end = .
                0x0000000008003c6c                . = ALIGN (0x4)

.rel.dyn        0x0000000008003c6c        0x0
 .rel.iplt      0x0000000008003c6c        0x0 c:/stm32cubeide_1.1.0/stm32cubeide/plugins/com.st.stm32cube.ide.mcu.externaltools.gnu-tools-for-stm32.7-2018-q2-update.win32_1.0.0.201904181610/tools/bin/../lib/gcc/arm-none-eabi/7.3.1/thumb/v7e-m/fpv4-sp/hard/crtbegin.o

.preinit_array  0x0000000008003c6c        0x0
                0x0000000008003c6c                . = ALIGN (0x4)
                0x0000000008003c6c                PROVIDE (__preinit_array_start = .)
 *(.preinit_array*)
                0x0000000008003c6c                PROVIDE (__preinit_array_end = .)
                0x0000000008003c6c                . = ALIGN (0x4)

.init_array     0x0000000008003c6c        0x4
                0x0000000008003c6c                . = ALIGN (0x4)
                0x0000000008003c6c                PROVIDE (__init_array_start = .)
 *(SORT_BY_NAME(.init_array.*))
 *(.init_array*)
 .init_array    0x0000000008003c6c        0x4 c:/stm32cubeide_1.1.0/stm32cubeide/plugins/com.st.stm32cube.ide.mcu.externaltools.gnu-tools-for-stm32.7-2018-q2-update.win32_1.0.0.201904181610/tools/bin/../lib/gcc/arm-none-eabi/7.3.1/thumb/v7e-m/fpv4-sp/hard/crtbegin.o
                0x0000000008003c70                PROVIDE (__init_array_end = .)
                0x0000000008003c70                . = ALIGN (0x4)

.fini_array     0x0000000008003c70        0x4
                0x0000000008003c70                . = ALIGN (0x4)
                [!provide]                        PROVIDE (__fini_array_start = .)
 *(SORT_BY_NAME(.fini_array.*))
 *(.fini_array*)
 .fini_array    0x0000000008003c70        0x4 c:/stm32cubeide_1.1.0/stm32cubeide/plugins/com.st.stm32cube.ide.mcu.externaltools.gnu-tools-for-stm32.7-2018-q2-update.win32_1.0.0.201904181610/tools/bin/../lib/gcc/arm-none-eabi/7.3.1/thumb/v7e-m/fpv4-sp/hard/crtbegin.o
                [!provide]                        PROVIDE (__fini_array_end = .)
                0x0000000008003c74                . = ALIGN (0x4)
                0x0000000008003c74                _sidata = LOADADDR (.data)

.data           0x0000000020000000        0x8 load address 0x0000000008003c74
                0x0000000020000000                . = ALIGN (0x4)
                0x0000000020000000                _sdata = .
 *(.data)
 *(.data*)
 .data.SystemCoreClock
                0x0000000020000000        0x4 Core/Src/system_stm32f4xx.o
                0x0000000020000000                SystemCoreClock
 .data.uwTickFreq
                0x0000000020000004        0x1 Drivers/STM32F4xx_HAL_Driver/Src/stm32f4xx_hal.o
                0x0000000020000004                uwTickFreq
                0x0000000020000008                . = ALIGN (0x4)
 *fill*         0x0000000020000005        0x3 
                0x0000000020000008                _edata = .

.igot.plt       0x0000000020000008        0x0 load address 0x0000000008003c7c
 .igot.plt      0x0000000020000008        0x0 c:/stm32cubeide_1.1.0/stm32cubeide/plugins/com.st.stm32cube.ide.mcu.externaltools.gnu-tools-for-stm32.7-2018-q2-update.win32_1.0.0.201904181610/tools/bin/../lib/gcc/arm-none-eabi/7.3.1/thumb/v7e-m/fpv4-sp/hard/crtbegin.o
                0x0000000020000008                . = ALIGN (0x4)

.bss            0x0000000020000008      0x1c8 load address 0x0000000008003c7c
                0x0000000020000008                _sbss = .
                0x0000000020000008                __bss_start__ = _sbss
 *(.bss)
 .bss           0x0000000020000008       0x1c c:/stm32cubeide_1.1.0/stm32cubeide/plugins/com.st.stm32cube.ide.mcu.externaltools.gnu-tools-for-stm32.7-2018-q2-update.win32_1.0.0.201904181610/tools/bin/../lib/gcc/arm-none-eabi/7.3.1/thumb/v7e-m/fpv4-sp/hard/crtbegin.o
 *(.bss*)
 *(COMMON)
 COMMON         0x0000000020000024       0x28 Core/Src/can.o
                0x0000000020000024                hcan1
 COMMON         0x000000002000004c       0x40 Core/Src/stm32f4xx_hal_timebase_tim.o
                0x000000002000004c                htim6
 COMMON         0x000000002000008c       0xa0 Core/Src/tim.o
                0x000000002000008c                hdma_tim1_ch1_ch2_ch3
                0x00000000200000ec                htim1
 COMMON         0x000000002000012c       0xa0 Core/Src/usart.o
                0x000000002000012c                hdma_usart1_rx
                0x000000002000018c                huart1
 COMMON         0x00000000200001cc        0x4 Drivers/STM32F4xx_HAL_Driver/Src/stm32f4xx_hal.o
                0x00000000200001cc                uwTick
                0x00000000200001d0                . = ALIGN (0x4)
                0x00000000200001d0                _ebss = .
                0x00000000200001d0                __bss_end__ = _ebss

._user_heap_stack
                0x00000000200001d0      0x600 load address 0x0000000008003c7c
                0x00000000200001d0                . = ALIGN (0x8)
                0x00000000200001d0                PROVIDE (end = .)
                [!provide]                        PROVIDE (_end = .)
                0x00000000200003d0                . = (. + _Min_Heap_Size)
 *fill*         0x00000000200001d0      0x200 
                0x00000000200007d0                . = (. + _Min_Stack_Size)
 *fill*         0x00000000200003d0      0x400 
                0x00000000200007d0                . = ALIGN (0x8)

/DISCARD/
 libc.a(*)
 libm.a(*)
 libgcc.a(*)

.ARM.attributes
                0x0000000000000000       0x30
 *(.ARM.attributes)
 .ARM.attributes
                0x0000000000000000       0x22 c:/stm32cubeide_1.1.0/stm32cubeide/plugins/com.st.stm32cube.ide.mcu.externaltools.gnu-tools-for-stm32.7-2018-q2-update.win32_1.0.0.201904181610/tools/bin/../lib/gcc/arm-none-eabi/7.3.1/thumb/v7e-m/fpv4-sp/hard/crti.o
 .ARM.attributes
                0x0000000000000022       0x34 c:/stm32cubeide_1.1.0/stm32cubeide/plugins/com.st.stm32cube.ide.mcu.externaltools.gnu-tools-for-stm32.7-2018-q2-update.win32_1.0.0.201904181610/tools/bin/../lib/gcc/arm-none-eabi/7.3.1/thumb/v7e-m/fpv4-sp/hard/crtbegin.o
 .ARM.attributes
                0x0000000000000056       0x39 Core/Src/can.o
 .ARM.attributes
                0x000000000000008f       0x39 Core/Src/dma.o
 .ARM.attributes
                0x00000000000000c8       0x39 Core/Src/gpio.o
 .ARM.attributes
                0x0000000000000101       0x39 Core/Src/main.o
 .ARM.attributes
                0x000000000000013a       0x39 Core/Src/stm32f4xx_hal_msp.o
 .ARM.attributes
                0x0000000000000173       0x39 Core/Src/stm32f4xx_hal_timebase_tim.o
 .ARM.attributes
                0x00000000000001ac       0x39 Core/Src/stm32f4xx_it.o
 .ARM.attributes
                0x00000000000001e5       0x39 Core/Src/system_stm32f4xx.o
 .ARM.attributes
                0x000000000000021e       0x39 Core/Src/tim.o
 .ARM.attributes
                0x0000000000000257       0x39 Core/Src/usart.o
 .ARM.attributes
                0x0000000000000290       0x21 Core/Startup/startup_stm32f427iihx.o
 .ARM.attributes
                0x00000000000002b1       0x39 Drivers/STM32F4xx_HAL_Driver/Src/stm32f4xx_hal.o
 .ARM.attributes
                0x00000000000002ea       0x39 Drivers/STM32F4xx_HAL_Driver/Src/stm32f4xx_hal_can.o
 .ARM.attributes
                0x0000000000000323       0x39 Drivers/STM32F4xx_HAL_Driver/Src/stm32f4xx_hal_cortex.o
 .ARM.attributes
                0x000000000000035c       0x39 Drivers/STM32F4xx_HAL_Driver/Src/stm32f4xx_hal_dma.o
 .ARM.attributes
                0x0000000000000395       0x39 Drivers/STM32F4xx_HAL_Driver/Src/stm32f4xx_hal_gpio.o
 .ARM.attributes
                0x00000000000003ce       0x39 Drivers/STM32F4xx_HAL_Driver/Src/stm32f4xx_hal_rcc.o
 .ARM.attributes
                0x0000000000000407       0x39 Drivers/STM32F4xx_HAL_Driver/Src/stm32f4xx_hal_tim.o
 .ARM.attributes
                0x0000000000000440       0x39 Drivers/STM32F4xx_HAL_Driver/Src/stm32f4xx_hal_tim_ex.o
 .ARM.attributes
                0x0000000000000479       0x39 Drivers/STM32F4xx_HAL_Driver/Src/stm32f4xx_hal_uart.o
 .ARM.attributes
                0x00000000000004b2       0x34 c:/stm32cubeide_1.1.0/stm32cubeide/plugins/com.st.stm32cube.ide.mcu.externaltools.gnu-tools-for-stm32.7-2018-q2-update.win32_1.0.0.201904181610/tools/bin/../lib/gcc/arm-none-eabi/7.3.1/../../../../arm-none-eabi/lib/thumb/v7e-m/fpv4-sp/hard\libc_nano.a(lib_a-init.o)
 .ARM.attributes
                0x00000000000004e6       0x34 c:/stm32cubeide_1.1.0/stm32cubeide/plugins/com.st.stm32cube.ide.mcu.externaltools.gnu-tools-for-stm32.7-2018-q2-update.win32_1.0.0.201904181610/tools/bin/../lib/gcc/arm-none-eabi/7.3.1/../../../../arm-none-eabi/lib/thumb/v7e-m/fpv4-sp/hard\libc_nano.a(lib_a-memset.o)
 .ARM.attributes
                0x000000000000051a       0x22 c:/stm32cubeide_1.1.0/stm32cubeide/plugins/com.st.stm32cube.ide.mcu.externaltools.gnu-tools-for-stm32.7-2018-q2-update.win32_1.0.0.201904181610/tools/bin/../lib/gcc/arm-none-eabi/7.3.1/thumb/v7e-m/fpv4-sp/hard\libgcc.a(_aeabi_uldivmod.o)
 .ARM.attributes
                0x000000000000053c       0x34 c:/stm32cubeide_1.1.0/stm32cubeide/plugins/com.st.stm32cube.ide.mcu.externaltools.gnu-tools-for-stm32.7-2018-q2-update.win32_1.0.0.201904181610/tools/bin/../lib/gcc/arm-none-eabi/7.3.1/thumb/v7e-m/fpv4-sp/hard\libgcc.a(_udivmoddi4.o)
 .ARM.attributes
                0x0000000000000570       0x22 c:/stm32cubeide_1.1.0/stm32cubeide/plugins/com.st.stm32cube.ide.mcu.externaltools.gnu-tools-for-stm32.7-2018-q2-update.win32_1.0.0.201904181610/tools/bin/../lib/gcc/arm-none-eabi/7.3.1/thumb/v7e-m/fpv4-sp/hard\libgcc.a(_dvmd_tls.o)
 .ARM.attributes
                0x0000000000000592       0x22 c:/stm32cubeide_1.1.0/stm32cubeide/plugins/com.st.stm32cube.ide.mcu.externaltools.gnu-tools-for-stm32.7-2018-q2-update.win32_1.0.0.201904181610/tools/bin/../lib/gcc/arm-none-eabi/7.3.1/thumb/v7e-m/fpv4-sp/hard/crtn.o
OUTPUT(can_test.elf elf32-littlearm)

.debug_info     0x0000000000000000     0xe1fb
 .debug_info    0x0000000000000000      0xabe Core/Src/can.o
 .debug_info    0x0000000000000abe      0x55c Core/Src/dma.o
 .debug_info    0x000000000000101a      0x4c8 Core/Src/gpio.o
 .debug_info    0x00000000000014e2      0xf9f Core/Src/main.o
 .debug_info    0x0000000000002481      0x32a Core/Src/stm32f4xx_hal_msp.o
 .debug_info    0x00000000000027ab      0xb1f Core/Src/stm32f4xx_hal_timebase_tim.o
 .debug_info    0x00000000000032ca      0xccf Core/Src/stm32f4xx_it.o
 .debug_info    0x0000000000003f99      0x51c Core/Src/system_stm32f4xx.o
 .debug_info    0x00000000000044b5      0xa48 Core/Src/tim.o
 .debug_info    0x0000000000004efd      0xb71 Core/Src/usart.o
 .debug_info    0x0000000000005a6e       0x22 Core/Startup/startup_stm32f427iihx.o
 .debug_info    0x0000000000005a90      0x989 Drivers/STM32F4xx_HAL_Driver/Src/stm32f4xx_hal.o
 .debug_info    0x0000000000006419      0xf61 Drivers/STM32F4xx_HAL_Driver/Src/stm32f4xx_hal_can.o
 .debug_info    0x000000000000737a      0xe00 Drivers/STM32F4xx_HAL_Driver/Src/stm32f4xx_hal_cortex.o
 .debug_info    0x000000000000817a      0x916 Drivers/STM32F4xx_HAL_Driver/Src/stm32f4xx_hal_dma.o
 .debug_info    0x0000000000008a90      0x77d Drivers/STM32F4xx_HAL_Driver/Src/stm32f4xx_hal_gpio.o
 .debug_info    0x000000000000920d      0x8be Drivers/STM32F4xx_HAL_Driver/Src/stm32f4xx_hal_rcc.o
 .debug_info    0x0000000000009acb     0x2456 Drivers/STM32F4xx_HAL_Driver/Src/stm32f4xx_hal_tim.o
 .debug_info    0x000000000000bf21     0x1105 Drivers/STM32F4xx_HAL_Driver/Src/stm32f4xx_hal_tim_ex.o
 .debug_info    0x000000000000d026     0x11d5 Drivers/STM32F4xx_HAL_Driver/Src/stm32f4xx_hal_uart.o

.debug_abbrev   0x0000000000000000     0x2252
 .debug_abbrev  0x0000000000000000      0x1b6 Core/Src/can.o
 .debug_abbrev  0x00000000000001b6      0x107 Core/Src/dma.o
 .debug_abbrev  0x00000000000002bd      0x134 Core/Src/gpio.o
 .debug_abbrev  0x00000000000003f1      0x1e2 Core/Src/main.o
 .debug_abbrev  0x00000000000005d3       0xef Core/Src/stm32f4xx_hal_msp.o
 .debug_abbrev  0x00000000000006c2      0x19d Core/Src/stm32f4xx_hal_timebase_tim.o
 .debug_abbrev  0x000000000000085f      0x1ac Core/Src/stm32f4xx_it.o
 .debug_abbrev  0x0000000000000a0b      0x111 Core/Src/system_stm32f4xx.o
 .debug_abbrev  0x0000000000000b1c      0x1bb Core/Src/tim.o
 .debug_abbrev  0x0000000000000cd7      0x1b3 Core/Src/usart.o
 .debug_abbrev  0x0000000000000e8a       0x12 Core/Startup/startup_stm32f427iihx.o
 .debug_abbrev  0x0000000000000e9c      0x1cb Drivers/STM32F4xx_HAL_Driver/Src/stm32f4xx_hal.o
 .debug_abbrev  0x0000000000001067      0x22a Drivers/STM32F4xx_HAL_Driver/Src/stm32f4xx_hal_can.o
 .debug_abbrev  0x0000000000001291      0x2fa Drivers/STM32F4xx_HAL_Driver/Src/stm32f4xx_hal_cortex.o
 .debug_abbrev  0x000000000000158b      0x229 Drivers/STM32F4xx_HAL_Driver/Src/stm32f4xx_hal_dma.o
 .debug_abbrev  0x00000000000017b4      0x1c9 Drivers/STM32F4xx_HAL_Driver/Src/stm32f4xx_hal_gpio.o
 .debug_abbrev  0x000000000000197d      0x245 Drivers/STM32F4xx_HAL_Driver/Src/stm32f4xx_hal_rcc.o
 .debug_abbrev  0x0000000000001bc2      0x230 Drivers/STM32F4xx_HAL_Driver/Src/stm32f4xx_hal_tim.o
 .debug_abbrev  0x0000000000001df2      0x21e Drivers/STM32F4xx_HAL_Driver/Src/stm32f4xx_hal_tim_ex.o
 .debug_abbrev  0x0000000000002010      0x242 Drivers/STM32F4xx_HAL_Driver/Src/stm32f4xx_hal_uart.o

.debug_aranges  0x0000000000000000      0xdc0
 .debug_aranges
                0x0000000000000000       0x30 Core/Src/can.o
 .debug_aranges
                0x0000000000000030       0x20 Core/Src/dma.o
 .debug_aranges
                0x0000000000000050       0x20 Core/Src/gpio.o
 .debug_aranges
                0x0000000000000070       0x38 Core/Src/main.o
 .debug_aranges
                0x00000000000000a8       0x20 Core/Src/stm32f4xx_hal_msp.o
 .debug_aranges
                0x00000000000000c8       0x30 Core/Src/stm32f4xx_hal_timebase_tim.o
 .debug_aranges
                0x00000000000000f8       0x90 Core/Src/stm32f4xx_it.o
 .debug_aranges
                0x0000000000000188       0x28 Core/Src/system_stm32f4xx.o
 .debug_aranges
                0x00000000000001b0       0x30 Core/Src/tim.o
 .debug_aranges
                0x00000000000001e0       0x30 Core/Src/usart.o
 .debug_aranges
                0x0000000000000210       0x28 Core/Startup/startup_stm32f427iihx.o
 .debug_aranges
                0x0000000000000238      0x100 Drivers/STM32F4xx_HAL_Driver/Src/stm32f4xx_hal.o
 .debug_aranges
                0x0000000000000338      0x138 Drivers/STM32F4xx_HAL_Driver/Src/stm32f4xx_hal_can.o
 .debug_aranges
                0x0000000000000470      0x118 Drivers/STM32F4xx_HAL_Driver/Src/stm32f4xx_hal_cortex.o
 .debug_aranges
                0x0000000000000588       0x90 Drivers/STM32F4xx_HAL_Driver/Src/stm32f4xx_hal_dma.o
 .debug_aranges
                0x0000000000000618       0x58 Drivers/STM32F4xx_HAL_Driver/Src/stm32f4xx_hal_gpio.o
 .debug_aranges
                0x0000000000000670       0x88 Drivers/STM32F4xx_HAL_Driver/Src/stm32f4xx_hal_rcc.o
 .debug_aranges
                0x00000000000006f8      0x3a8 Drivers/STM32F4xx_HAL_Driver/Src/stm32f4xx_hal_tim.o
 .debug_aranges
                0x0000000000000aa0      0x150 Drivers/STM32F4xx_HAL_Driver/Src/stm32f4xx_hal_tim_ex.o
 .debug_aranges
                0x0000000000000bf0      0x1d0 Drivers/STM32F4xx_HAL_Driver/Src/stm32f4xx_hal_uart.o

.debug_ranges   0x0000000000000000      0xc88
 .debug_ranges  0x0000000000000000       0x20 Core/Src/can.o
 .debug_ranges  0x0000000000000020       0x10 Core/Src/dma.o
 .debug_ranges  0x0000000000000030       0x10 Core/Src/gpio.o
 .debug_ranges  0x0000000000000040       0x28 Core/Src/main.o
 .debug_ranges  0x0000000000000068       0x10 Core/Src/stm32f4xx_hal_msp.o
 .debug_ranges  0x0000000000000078       0x20 Core/Src/stm32f4xx_hal_timebase_tim.o
 .debug_ranges  0x0000000000000098       0x80 Core/Src/stm32f4xx_it.o
 .debug_ranges  0x0000000000000118       0x18 Core/Src/system_stm32f4xx.o
 .debug_ranges  0x0000000000000130       0x20 Core/Src/tim.o
 .debug_ranges  0x0000000000000150       0x20 Core/Src/usart.o
 .debug_ranges  0x0000000000000170       0x20 Core/Startup/startup_stm32f427iihx.o
 .debug_ranges  0x0000000000000190       0xf0 Drivers/STM32F4xx_HAL_Driver/Src/stm32f4xx_hal.o
 .debug_ranges  0x0000000000000280      0x128 Drivers/STM32F4xx_HAL_Driver/Src/stm32f4xx_hal_can.o
 .debug_ranges  0x00000000000003a8      0x108 Drivers/STM32F4xx_HAL_Driver/Src/stm32f4xx_hal_cortex.o
 .debug_ranges  0x00000000000004b0       0x80 Drivers/STM32F4xx_HAL_Driver/Src/stm32f4xx_hal_dma.o
 .debug_ranges  0x0000000000000530       0x48 Drivers/STM32F4xx_HAL_Driver/Src/stm32f4xx_hal_gpio.o
 .debug_ranges  0x0000000000000578       0x78 Drivers/STM32F4xx_HAL_Driver/Src/stm32f4xx_hal_rcc.o
 .debug_ranges  0x00000000000005f0      0x398 Drivers/STM32F4xx_HAL_Driver/Src/stm32f4xx_hal_tim.o
 .debug_ranges  0x0000000000000988      0x140 Drivers/STM32F4xx_HAL_Driver/Src/stm32f4xx_hal_tim_ex.o
 .debug_ranges  0x0000000000000ac8      0x1c0 Drivers/STM32F4xx_HAL_Driver/Src/stm32f4xx_hal_uart.o

.debug_macro    0x0000000000000000    0x23038
 .debug_macro   0x0000000000000000      0x1f1 Core/Src/can.o
 .debug_macro   0x00000000000001f1      0xa5a Core/Src/can.o
 .debug_macro   0x0000000000000c4b      0x190 Core/Src/can.o
 .debug_macro   0x0000000000000ddb       0x32 Core/Src/can.o
 .debug_macro   0x0000000000000e0d       0x28 Core/Src/can.o
 .debug_macro   0x0000000000000e35       0x22 Core/Src/can.o
 .debug_macro   0x0000000000000e57       0x8e Core/Src/can.o
 .debug_macro   0x0000000000000ee5       0x51 Core/Src/can.o
 .debug_macro   0x0000000000000f36       0xef Core/Src/can.o
 .debug_macro   0x0000000000001025       0x6a Core/Src/can.o
 .debug_macro   0x000000000000108f      0x1df Core/Src/can.o
 .debug_macro   0x000000000000126e       0x1c Core/Src/can.o
 .debug_macro   0x000000000000128a       0x22 Core/Src/can.o
 .debug_macro   0x00000000000012ac       0xdf Core/Src/can.o
 .debug_macro   0x000000000000138b     0x102d Core/Src/can.o
 .debug_macro   0x00000000000023b8      0x11f Core/Src/can.o
 .debug_macro   0x00000000000024d7    0x17862 Core/Src/can.o
 .debug_macro   0x0000000000019d39       0x43 Core/Src/can.o
 .debug_macro   0x0000000000019d7c     0x3644 Core/Src/can.o
 .debug_macro   0x000000000001d3c0      0x174 Core/Src/can.o
 .debug_macro   0x000000000001d534       0x5a Core/Src/can.o
 .debug_macro   0x000000000001d58e      0xc6d Core/Src/can.o
 .debug_macro   0x000000000001e1fb      0x9fe Core/Src/can.o
 .debug_macro   0x000000000001ebf9       0xed Core/Src/can.o
 .debug_macro   0x000000000001ece6      0x117 Core/Src/can.o
 .debug_macro   0x000000000001edfd      0x16f Core/Src/can.o
 .debug_macro   0x000000000001ef6c       0x27 Core/Src/can.o
 .debug_macro   0x000000000001ef93      0x287 Core/Src/can.o
 .debug_macro   0x000000000001f21a       0x5f Core/Src/can.o
 .debug_macro   0x000000000001f279      0x236 Core/Src/can.o
 .debug_macro   0x000000000001f4af      0x40f Core/Src/can.o
 .debug_macro   0x000000000001f8be      0x132 Core/Src/can.o
 .debug_macro   0x000000000001f9f0      0x41d Core/Src/can.o
 .debug_macro   0x000000000001fe0d       0x2e Core/Src/can.o
 .debug_macro   0x000000000001fe3b      0x11a Core/Src/can.o
 .debug_macro   0x000000000001ff55       0xe2 Core/Src/can.o
 .debug_macro   0x0000000000020037       0x89 Core/Src/can.o
 .debug_macro   0x00000000000200c0      0x87d Core/Src/can.o
 .debug_macro   0x000000000002093d       0x47 Core/Src/can.o
 .debug_macro   0x0000000000020984      0x287 Core/Src/can.o
 .debug_macro   0x0000000000020c0b      0x134 Core/Src/can.o
 .debug_macro   0x0000000000020d3f       0x28 Core/Src/can.o
 .debug_macro   0x0000000000020d67      0x1f1 Core/Src/dma.o
 .debug_macro   0x0000000000020f58      0x1f1 Core/Src/gpio.o
 .debug_macro   0x0000000000021149      0x21d Core/Src/main.o
 .debug_macro   0x0000000000021366      0x1e7 Core/Src/stm32f4xx_hal_msp.o
 .debug_macro   0x000000000002154d      0x1d8 Core/Src/stm32f4xx_hal_timebase_tim.o
 .debug_macro   0x0000000000021725      0x1f1 Core/Src/stm32f4xx_it.o
 .debug_macro   0x0000000000021916      0x1de Core/Src/system_stm32f4xx.o
 .debug_macro   0x0000000000021af4      0x1f1 Core/Src/tim.o
 .debug_macro   0x0000000000021ce5      0x1f1 Core/Src/usart.o
 .debug_macro   0x0000000000021ed6      0x238 Drivers/STM32F4xx_HAL_Driver/Src/stm32f4xx_hal.o
 .debug_macro   0x000000000002210e      0x1e0 Drivers/STM32F4xx_HAL_Driver/Src/stm32f4xx_hal_can.o
 .debug_macro   0x00000000000222ee      0x1d8 Drivers/STM32F4xx_HAL_Driver/Src/stm32f4xx_hal_cortex.o
 .debug_macro   0x00000000000224c6      0x1de Drivers/STM32F4xx_HAL_Driver/Src/stm32f4xx_hal_dma.o
 .debug_macro   0x00000000000226a4      0x20e Drivers/STM32F4xx_HAL_Driver/Src/stm32f4xx_hal_gpio.o
 .debug_macro   0x00000000000228b2      0x1fc Drivers/STM32F4xx_HAL_Driver/Src/stm32f4xx_hal_rcc.o
 .debug_macro   0x0000000000022aae      0x1d9 Drivers/STM32F4xx_HAL_Driver/Src/stm32f4xx_hal_tim.o
 .debug_macro   0x0000000000022c87      0x1d8 Drivers/STM32F4xx_HAL_Driver/Src/stm32f4xx_hal_tim_ex.o
 .debug_macro   0x0000000000022e5f      0x1d9 Drivers/STM32F4xx_HAL_Driver/Src/stm32f4xx_hal_uart.o

.debug_line     0x0000000000000000     0xb704
 .debug_line    0x0000000000000000      0x706 Core/Src/can.o
 .debug_line    0x0000000000000706      0x6c9 Core/Src/dma.o
 .debug_line    0x0000000000000dcf      0x6dd Core/Src/gpio.o
 .debug_line    0x00000000000014ac      0x744 Core/Src/main.o
 .debug_line    0x0000000000001bf0      0x6cc Core/Src/stm32f4xx_hal_msp.o
 .debug_line    0x00000000000022bc      0x700 Core/Src/stm32f4xx_hal_timebase_tim.o
 .debug_line    0x00000000000029bc      0x7db Core/Src/stm32f4xx_it.o
 .debug_line    0x0000000000003197      0x6ed Core/Src/system_stm32f4xx.o
 .debug_line    0x0000000000003884      0x72c Core/Src/tim.o
 .debug_line    0x0000000000003fb0      0x711 Core/Src/usart.o
 .debug_line    0x00000000000046c1       0x86 Core/Startup/startup_stm32f427iihx.o
 .debug_line    0x0000000000004747      0x8f2 Drivers/STM32F4xx_HAL_Driver/Src/stm32f4xx_hal.o
 .debug_line    0x0000000000005039      0xb7a Drivers/STM32F4xx_HAL_Driver/Src/stm32f4xx_hal_can.o
 .debug_line    0x0000000000005bb3      0x9f5 Drivers/STM32F4xx_HAL_Driver/Src/stm32f4xx_hal_cortex.o
 .debug_line    0x00000000000065a8      0x9a0 Drivers/STM32F4xx_HAL_Driver/Src/stm32f4xx_hal_dma.o
 .debug_line    0x0000000000006f48      0x8d8 Drivers/STM32F4xx_HAL_Driver/Src/stm32f4xx_hal_gpio.o
 .debug_line    0x0000000000007820      0x915 Drivers/STM32F4xx_HAL_Driver/Src/stm32f4xx_hal_rcc.o
 .debug_line    0x0000000000008135     0x1932 Drivers/STM32F4xx_HAL_Driver/Src/stm32f4xx_hal_tim.o
 .debug_line    0x0000000000009a67      0xcd5 Drivers/STM32F4xx_HAL_Driver/Src/stm32f4xx_hal_tim_ex.o
 .debug_line    0x000000000000a73c      0xfc8 Drivers/STM32F4xx_HAL_Driver/Src/stm32f4xx_hal_uart.o

.debug_str      0x0000000000000000    0xd3df5
 .debug_str     0x0000000000000000    0xd0525 Core/Src/can.o
                                      0xd07f6 (size before relaxing)
 .debug_str     0x00000000000d0525       0x27 Core/Src/dma.o
                                      0xd04c3 (size before relaxing)
 .debug_str     0x00000000000d054c       0x46 Core/Src/gpio.o
                                      0xd0028 (size before relaxing)
 .debug_str     0x00000000000d0592      0x6c0 Core/Src/main.o
                                      0xd0954 (size before relaxing)
 .debug_str     0x00000000000d0c52       0x2c Core/Src/stm32f4xx_hal_msp.o
                                      0xcff8d (size before relaxing)
 .debug_str     0x00000000000d0c7e       0xaa Core/Src/stm32f4xx_hal_timebase_tim.o
                                      0xd095c (size before relaxing)
 .debug_str     0x00000000000d0d28      0x15f Core/Src/stm32f4xx_it.o
                                      0xd080d (size before relaxing)
 .debug_str     0x00000000000d0e87       0xc4 Core/Src/system_stm32f4xx.o
                                      0xcff99 (size before relaxing)
 .debug_str     0x00000000000d0f4b       0xc7 Core/Src/tim.o
                                      0xd052e (size before relaxing)
 .debug_str     0x00000000000d1012       0x57 Core/Src/usart.o
                                      0xd09b2 (size before relaxing)
 .debug_str     0x00000000000d1069       0x36 Core/Startup/startup_stm32f427iihx.o
                                         0x5a (size before relaxing)
 .debug_str     0x00000000000d109f      0x5f1 Drivers/STM32F4xx_HAL_Driver/Src/stm32f4xx_hal.o
                                      0xd0b62 (size before relaxing)
 .debug_str     0x00000000000d1690      0x586 Drivers/STM32F4xx_HAL_Driver/Src/stm32f4xx_hal_can.o
                                      0xd067d (size before relaxing)
 .debug_str     0x00000000000d1c16      0x399 Drivers/STM32F4xx_HAL_Driver/Src/stm32f4xx_hal_cortex.o
                                      0xd088f (size before relaxing)
 .debug_str     0x00000000000d1faf      0x315 Drivers/STM32F4xx_HAL_Driver/Src/stm32f4xx_hal_dma.o
                                      0xd039b (size before relaxing)
 .debug_str     0x00000000000d22c4      0x20c Drivers/STM32F4xx_HAL_Driver/Src/stm32f4xx_hal_gpio.o
                                      0xd01d8 (size before relaxing)
 .debug_str     0x00000000000d24d0      0x244 Drivers/STM32F4xx_HAL_Driver/Src/stm32f4xx_hal_rcc.o
                                      0xd037b (size before relaxing)
 .debug_str     0x00000000000d2714      0xd28 Drivers/STM32F4xx_HAL_Driver/Src/stm32f4xx_hal_tim.o
                                      0xd1092 (size before relaxing)
 .debug_str     0x00000000000d343c      0x4a2 Drivers/STM32F4xx_HAL_Driver/Src/stm32f4xx_hal_tim_ex.o
                                      0xd0892 (size before relaxing)
 .debug_str     0x00000000000d38de      0x517 Drivers/STM32F4xx_HAL_Driver/Src/stm32f4xx_hal_uart.o
                                      0xd07b9 (size before relaxing)

.comment        0x0000000000000000       0x7b
 .comment       0x0000000000000000       0x7b Core/Src/can.o
                                         0x7c (size before relaxing)
 .comment       0x000000000000007b       0x7c Core/Src/dma.o
 .comment       0x000000000000007b       0x7c Core/Src/gpio.o
 .comment       0x000000000000007b       0x7c Core/Src/main.o
 .comment       0x000000000000007b       0x7c Core/Src/stm32f4xx_hal_msp.o
 .comment       0x000000000000007b       0x7c Core/Src/stm32f4xx_hal_timebase_tim.o
 .comment       0x000000000000007b       0x7c Core/Src/stm32f4xx_it.o
 .comment       0x000000000000007b       0x7c Core/Src/system_stm32f4xx.o
 .comment       0x000000000000007b       0x7c Core/Src/tim.o
 .comment       0x000000000000007b       0x7c Core/Src/usart.o
 .comment       0x000000000000007b       0x7c Drivers/STM32F4xx_HAL_Driver/Src/stm32f4xx_hal.o
 .comment       0x000000000000007b       0x7c Drivers/STM32F4xx_HAL_Driver/Src/stm32f4xx_hal_can.o
 .comment       0x000000000000007b       0x7c Drivers/STM32F4xx_HAL_Driver/Src/stm32f4xx_hal_cortex.o
 .comment       0x000000000000007b       0x7c Drivers/STM32F4xx_HAL_Driver/Src/stm32f4xx_hal_dma.o
 .comment       0x000000000000007b       0x7c Drivers/STM32F4xx_HAL_Driver/Src/stm32f4xx_hal_gpio.o
 .comment       0x000000000000007b       0x7c Drivers/STM32F4xx_HAL_Driver/Src/stm32f4xx_hal_rcc.o
 .comment       0x000000000000007b       0x7c Drivers/STM32F4xx_HAL_Driver/Src/stm32f4xx_hal_tim.o
 .comment       0x000000000000007b       0x7c Drivers/STM32F4xx_HAL_Driver/Src/stm32f4xx_hal_tim_ex.o
 .comment       0x000000000000007b       0x7c Drivers/STM32F4xx_HAL_Driver/Src/stm32f4xx_hal_uart.o

.debug_frame    0x0000000000000000     0x382c
 .debug_frame   0x0000000000000000       0x74 Core/Src/can.o
 .debug_frame   0x0000000000000074       0x34 Core/Src/dma.o
 .debug_frame   0x00000000000000a8       0x34 Core/Src/gpio.o
 .debug_frame   0x00000000000000dc       0x94 Core/Src/main.o
 .debug_frame   0x0000000000000170       0x38 Core/Src/stm32f4xx_hal_msp.o
 .debug_frame   0x00000000000001a8       0x74 Core/Src/stm32f4xx_hal_timebase_tim.o
 .debug_frame   0x000000000000021c      0x1b8 Core/Src/stm32f4xx_it.o
 .debug_frame   0x00000000000003d4       0x58 Core/Src/system_stm32f4xx.o
 .debug_frame   0x000000000000042c       0x7c Core/Src/tim.o
 .debug_frame   0x00000000000004a8       0x74 Core/Src/usart.o
 .debug_frame   0x000000000000051c      0x3b4 Drivers/STM32F4xx_HAL_Driver/Src/stm32f4xx_hal.o
 .debug_frame   0x00000000000008d0      0x5a0 Drivers/STM32F4xx_HAL_Driver/Src/stm32f4xx_hal_can.o
 .debug_frame   0x0000000000000e70      0x498 Drivers/STM32F4xx_HAL_Driver/Src/stm32f4xx_hal_cortex.o
 .debug_frame   0x0000000000001308      0x250 Drivers/STM32F4xx_HAL_Driver/Src/stm32f4xx_hal_dma.o
 .debug_frame   0x0000000000001558      0x14c Drivers/STM32F4xx_HAL_Driver/Src/stm32f4xx_hal_gpio.o
 .debug_frame   0x00000000000016a4      0x1f0 Drivers/STM32F4xx_HAL_Driver/Src/stm32f4xx_hal_rcc.o
 .debug_frame   0x0000000000001894     0x10f0 Drivers/STM32F4xx_HAL_Driver/Src/stm32f4xx_hal_tim.o
 .debug_frame   0x0000000000002984      0x5c0 Drivers/STM32F4xx_HAL_Driver/Src/stm32f4xx_hal_tim_ex.o
 .debug_frame   0x0000000000002f44      0x83c Drivers/STM32F4xx_HAL_Driver/Src/stm32f4xx_hal_uart.o
 .debug_frame   0x0000000000003780       0x2c c:/stm32cubeide_1.1.0/stm32cubeide/plugins/com.st.stm32cube.ide.mcu.externaltools.gnu-tools-for-stm32.7-2018-q2-update.win32_1.0.0.201904181610/tools/bin/../lib/gcc/arm-none-eabi/7.3.1/../../../../arm-none-eabi/lib/thumb/v7e-m/fpv4-sp/hard\libc_nano.a(lib_a-init.o)
 .debug_frame   0x00000000000037ac       0x20 c:/stm32cubeide_1.1.0/stm32cubeide/plugins/com.st.stm32cube.ide.mcu.externaltools.gnu-tools-for-stm32.7-2018-q2-update.win32_1.0.0.201904181610/tools/bin/../lib/gcc/arm-none-eabi/7.3.1/../../../../arm-none-eabi/lib/thumb/v7e-m/fpv4-sp/hard\libc_nano.a(lib_a-memset.o)
 .debug_frame   0x00000000000037cc       0x2c c:/stm32cubeide_1.1.0/stm32cubeide/plugins/com.st.stm32cube.ide.mcu.externaltools.gnu-tools-for-stm32.7-2018-q2-update.win32_1.0.0.201904181610/tools/bin/../lib/gcc/arm-none-eabi/7.3.1/thumb/v7e-m/fpv4-sp/hard\libgcc.a(_aeabi_uldivmod.o)
 .debug_frame   0x00000000000037f8       0x34 c:/stm32cubeide_1.1.0/stm32cubeide/plugins/com.st.stm32cube.ide.mcu.externaltools.gnu-tools-for-stm32.7-2018-q2-update.win32_1.0.0.201904181610/tools/bin/../lib/gcc/arm-none-eabi/7.3.1/thumb/v7e-m/fpv4-sp/hard\libgcc.a(_udivmoddi4.o)
